2026-10-09 09:46:15 - Starting the AAPL Stock Drops API...
2026-10-09 09:46:44 - Downloading the latest AAPL stock data from Yahoo Finance...
2026-10-09 09:46:47 - Downloaded 11549 AAPL trading days. Found 336 days with drops of 5% or more.
2026-10-09 09:47:07 - Downloading the latest AAPL stock data from Yahoo Finance...
2026-10-09 09:47:09 - Downloaded 11549 AAPL trading days. Found 336 days with drops of 5% or more.
2026-10-09 09:47:13 - Downloading the latest AAPL stock data from Yahoo Finance...
2026-10-09 09:47:14 - Downloaded 11549 AAPL trading days. Found 336 days with drops of 5% or more.
2026-10-09 09:47:26 - Downloading the latest AAPL stock data from Yahoo Finance...
2026-10-09 09:47:28 - Downloaded 11549 AAPL trading days. Found 336 days with drops of 5% or more.
2026-10-09 09:50:08 - Downloading the latest AAPL stock data from Yahoo Finance...
2026-10-09 09:50:09 - Downloaded 11549 AAPL trading days. Found 336 days with drops of 5% or more.
2026-10-09 10:19:53 - Downloading the latest AAPL stock data from Yahoo Finance...
2026-10-09 10:19:54 - Downloaded 11549 AAPL trading days. Found 336 days with drops of 5% or more.
2026-10-09 10:20:12 - Starting the AAPL Stock Drops API...
2026-10-09 10:20:23 - Checking SQL Server for the latest AAPL record...
2026-10-09 10:20:23 - Downloading AAPL data from 2022-12-23...
2026-10-09 10:20:31 - AAPL update completed. Checked 951 days.
2026-10-09 10:20:31 - Reading AAPL stock-drop records from SQL Server...
2026-10-09 10:20:31 - Found 17 AAPL drops of 5% or more.
2026-10-09 10:20:43 - Checking SQL Server for the latest AAPL record...
2026-10-09 10:20:43 - Downloading AAPL data from 2026-10-02...
2026-10-09 10:20:44 - AAPL update completed. Checked 6 days.
2026-10-09 10:20:44 - Reading AAPL stock-drop records from SQL Server...
2026-10-09 10:20:44 - Found 17 AAPL drops of 5% or more.
2026-10-09 10:21:10 - Checking SQL Server for the latest AAPL record...
2026-10-09 10:21:10 - Downloading AAPL data from 2026-10-02...
2026-10-09 10:21:10 - AAPL update completed. Checked 6 days.
2026-10-09 10:21:10 - Reading AAPL stock-drop records from SQL Server...
2026-10-09 10:21:11 - Found 17 AAPL drops of 5% or more.
2026-10-09 10:21:47 - Checking SQL Server for the latest AAPL record...
2026-10-09 10:21:47 - Downloading AAPL data from 2026-10-02...
2026-10-09 10:21:47 - AAPL update completed. Checked 6 days.
2026-10-09 10:21:47 - Reading AAPL stock-drop records from SQL Server...
2026-10-09 10:21:47 - Found 17 AAPL drops of 5% or more.
2026-10-09 10:21:53 - Checking SQL Server for the latest AAPL record...
2026-10-09 10:21:53 - Downloading AAPL data from 2026-10-02...
2026-10-09 10:21:53 - AAPL update completed. Checked 6 days.
2026-10-09 10:21:53 - Reading AAPL stock-drop records from SQL Server...
2026-10-09 10:21:53 - Found 17 AAPL drops of 5% or more.
2026-10-09 10:21:55 - Checking SQL Server for the latest AAPL record...
2026-10-09 10:21:55 - Downloading AAPL data from 2026-10-02...
2026-10-09 10:21:55 - AAPL update completed. Checked 6 days.
2026-10-09 10:21:55 - Reading AAPL stock-drop records from SQL Server...
2026-10-09 10:21:55 - Found 17 AAPL drops of 5% or more.
2026-10-09 10:22:01 - Checking SQL Server for the latest AAPL record...
2026-10-09 10:22:01 - Downloading AAPL data from 2026-10-02...
2026-10-09 10:22:01 - AAPL update completed. Checked 6 days.
2026-10-09 10:22:01 - Reading AAPL stock-drop records from SQL Server...
2026-10-09 10:22:01 - Found 17 AAPL drops of 5% or more.
2026-10-09 10:22:08 - Checking SQL Server for the latest AAPL record...
2026-10-09 10:22:08 - Downloading AAPL data from 2026-10-02...
2026-10-09 10:22:09 - AAPL update completed. Checked 6 days.
2026-10-09 10:22:09 - Reading AAPL stock-drop records from SQL Server...
2026-10-09 10:22:09 - Found 17 AAPL drops of 5% or more.
2026-10-09 10:22:11 - Checking SQL Server for the latest AAPL record...
2026-10-09 10:22:11 - Downloading AAPL data from 2026-10-02...
2026-10-09 10:22:11 - AAPL update completed. Checked 6 days.
2026-10-09 10:22:11 - Reading AAPL stock-drop records from SQL Server...
2026-10-09 10:22:11 - Found 17 AAPL drops of 5% or more.
2026-10-09 10:22:14 - Checking SQL Server for the latest AAPL record...
2026-10-09 10:22:14 - Downloading AAPL data from 2026-10-02...
2026-10-09 10:22:14 - AAPL update completed. Checked 6 days.
2026-10-09 10:22:14 - Reading AAPL stock-drop records from SQL Server...
2026-10-09 10:22:14 - Found 17 AAPL drops of 5% or more.
2026-10-09 10:22:21 - Checking SQL Server for the latest AAPL record...
2026-10-09 10:22:21 - Downloading AAPL data from 2026-10-02...
2026-10-09 10:22:21 - AAPL update completed. Checked 6 days.
2026-10-09 10:22:21 - Reading AAPL stock-drop records from SQL Server...
2026-10-09 10:22:21 - Found 17 AAPL drops of 5% or more.
2026-10-09 13:04:52 - Starting the AAPL Stock Drops API...
2026-10-09 13:04:55 - Checking SQL Server for the latest AAPL record...
2026-10-09 13:04:55 - Downloading AAPL data from 2026-10-02...
2026-10-09 13:04:57 - AAPL update completed. Checked 6 days.
2026-10-09 13:04:57 - Reading AAPL stock-drop records from SQL Server...
2026-10-09 13:04:57 - Found 17 AAPL drops of 5% or more.
2026-10-09 13:05:32 - Checking SQL Server for the latest AAPL record...
2026-10-09 13:05:32 - Downloading AAPL data from 2026-10-02...
2026-10-09 13:05:32 - AAPL update completed. Checked 6 days.
2026-10-09 13:05:32 - Reading AAPL stock-drop records from SQL Server...
2026-10-09 13:05:32 - Found 17 AAPL drops of 5% or more.
