2026-09-02 12:18:12 - ==================================================
2026-09-02 12:18:12 - Starting VOO update
2026-09-02 12:18:12 - Downloading VOO stock data...
2026-09-02 12:18:13 - Downloaded 5 rows of data
2026-09-02 12:18:13 - Connecting to SQL Server...
2026-09-02 12:18:13 - Connected to SQL Server successfully
2026-09-02 12:18:13 - 2026-08-27 already exists
2026-09-02 12:18:13 - 2026-08-28 already exists
2026-09-02 12:18:13 - 2026-08-31 already exists
2026-09-02 12:18:13 - 2026-09-01 already exists
2026-09-02 12:18:13 - 2026-09-02 already exists
2026-09-02 12:18:13 - Database changes committed
2026-09-02 12:18:13 - Rows inserted: 0
2026-09-02 12:18:13 - Rows already existing: 5
2026-09-02 12:18:13 - VOO update completed successfully
2026-09-02 12:18:13 - Finished at 2026-09-02 12:18:13
2026-09-02 12:18:13 - ==================================================
2026-09-02 14:41:21 - ==================================================
2026-09-02 14:41:21 - Starting VOO update
2026-09-02 14:41:21 - Downloading VOO stock data...
2026-09-02 14:41:26 - Downloaded 5 rows of data
2026-09-02 14:41:26 - Connecting to SQL Server...
2026-09-02 14:41:26 - Connected to SQL Server successfully
2026-09-02 14:41:26 - 2026-08-27 already exists
2026-09-02 14:41:26 - 2026-08-28 already exists
2026-09-02 14:41:26 - 2026-08-31 already exists
2026-09-02 14:41:26 - 2026-09-01 already exists
2026-09-02 14:41:26 - 2026-09-02 already exists
2026-09-02 14:41:26 - Database changes committed
2026-09-02 14:41:26 - Rows inserted: 0
2026-09-02 14:41:26 - Rows already existing: 5
2026-09-02 14:41:26 - VOO update completed successfully
2026-09-02 14:41:26 - Finished at 2026-09-02 14:41:26
2026-09-02 14:41:26 - ==================================================
2026-09-11 08:34:00 - ==================================================
2026-09-11 08:34:00 - Starting VOO update
2026-09-11 08:34:00 - Downloading VOO stock data...
2026-09-11 08:34:09 - Downloaded 5 rows of data
2026-09-11 08:34:09 - Connecting to SQL Server...
2026-09-11 08:34:10 - Connected to SQL Server successfully
2026-09-11 08:34:10 - Inserted new data for 2026-09-03
2026-09-11 08:34:10 - Inserted new data for 2026-09-04
2026-09-11 08:34:10 - Inserted new data for 2026-09-08
2026-09-11 08:34:10 - Inserted new data for 2026-09-09
2026-09-11 08:34:10 - Inserted new data for 2026-09-10
2026-09-11 08:34:10 - Database changes committed
2026-09-11 08:34:10 - Rows inserted: 5
2026-09-11 08:34:10 - Rows already existing: 0
2026-09-11 08:34:10 - VOO update completed successfully
2026-09-11 08:34:10 - Finished at 2026-09-11 08:34:10
2026-09-11 08:34:10 - ==================================================
2026-09-14 14:41:20 - ==================================================
2026-09-14 14:41:20 - Starting VOO update
2026-09-14 14:41:20 - Downloading VOO stock data...
2026-09-14 14:41:25 - Downloaded 0 rows of data
2026-09-14 14:41:25 - Connecting to SQL Server...
2026-09-14 14:41:26 - Connected to SQL Server successfully
2026-09-14 14:41:26 - Database changes committed
2026-09-14 14:41:26 - Rows inserted: 0
2026-09-14 14:41:26 - Rows already existing: 0
2026-09-14 14:41:26 - VOO update completed successfully
2026-09-14 14:41:26 - Finished at 2026-09-14 14:41:26
2026-09-14 14:41:26 - ==================================================
